[21-Feb-2025 18:23:57 Europe/Berlin] PHP Warning:  require_once(include/config.php): failed to open stream: No such file or directory in /home/thibaultgicquel6201/public_html/api/login/index.php on line 2
[21-Feb-2025 18:23:57 Europe/Berlin] PHP Fatal error:  require_once(): Failed opening required 'include/config.php' (include_path='.:/usr/share/php') in /home/thibaultgicquel6201/public_html/api/login/index.php on line 2
[21-Feb-2025 18:23:57 Europe/Berlin] PHP Warning:  file_get_contents(https://devbox.u-angers.fr/~thibaultgicquel6201/api/login/): failed to open stream: HTTP request failed! HTTP/1.1 500 Internal Server Error
 in /home/thibaultgicquel6201/public_html/api/test/index.php on line 21
[21-Feb-2025 18:23:57 Europe/Berlin] PHP Notice:  Trying to get property 'result' of non-object in /home/thibaultgicquel6201/public_html/api/test/index.php on line 27
[21-Feb-2025 18:24:35 Europe/Berlin] PHP Warning:  require_once(../include/config.php): failed to open stream: No such file or directory in /home/thibaultgicquel6201/public_html/api/login/index.php on line 2
[21-Feb-2025 18:24:35 Europe/Berlin] PHP Fatal error:  require_once(): Failed opening required '../include/config.php' (include_path='.:/usr/share/php') in /home/thibaultgicquel6201/public_html/api/login/index.php on line 2
[21-Feb-2025 18:24:35 Europe/Berlin] PHP Warning:  file_get_contents(https://devbox.u-angers.fr/~thibaultgicquel6201/api/login/): failed to open stream: HTTP request failed! HTTP/1.1 500 Internal Server Error
 in /home/thibaultgicquel6201/public_html/api/test/index.php on line 21
[21-Feb-2025 18:24:35 Europe/Berlin] PHP Notice:  Trying to get property 'result' of non-object in /home/thibaultgicquel6201/public_html/api/test/index.php on line 27
[21-Feb-2025 21:12:08 Europe/Paris] PHP Fatal error:  Uncaught Error: Class 'Configuration' not found in /home/thibaultgicquel6201/public_html/index.php:25
Stack trace:
#0 {main}
  thrown in /home/thibaultgicquel6201/public_html/index.php on line 25
[21-Feb-2025 21:26:04 Europe/Paris] PHP Notice:  Undefined variable: action in /home/thibaultgicquel6201/public_html/index.php on line 10
[21-Feb-2025 21:26:04 Europe/Paris] PHP Notice:  Undefined variable: error in /home/thibaultgicquel6201/public_html/index.php on line 10
[21-Feb-2025 21:26:17 Europe/Paris] PHP Notice:  Undefined variable: action in /home/thibaultgicquel6201/public_html/index.php on line 10
[21-Feb-2025 21:26:17 Europe/Paris] PHP Notice:  Undefined variable: error in /home/thibaultgicquel6201/public_html/index.php on line 10
[21-Feb-2025 21:26:18 Europe/Paris] PHP Notice:  Undefined variable: action in /home/thibaultgicquel6201/public_html/index.php on line 10
[21-Feb-2025 21:26:18 Europe/Paris] PHP Notice:  Undefined variable: error in /home/thibaultgicquel6201/public_html/index.php on line 10
[21-Feb-2025 21:26:35 Europe/Paris] PHP Notice:  Undefined variable: action in /home/thibaultgicquel6201/public_html/index.php on line 10
[21-Feb-2025 21:26:35 Europe/Paris] PHP Notice:  Undefined variable: error in /home/thibaultgicquel6201/public_html/index.php on line 10
[21-Feb-2025 21:26:37 Europe/Paris] PHP Notice:  Undefined variable: action in /home/thibaultgicquel6201/public_html/index.php on line 10
[21-Feb-2025 21:26:37 Europe/Paris] PHP Notice:  Undefined variable: error in /home/thibaultgicquel6201/public_html/index.php on line 10
[21-Feb-2025 21:29:07 Europe/Paris] PHP Notice:  Undefined variable: error in /home/thibaultgicquel6201/public_html/index.php on line 72
[21-Feb-2025 21:29:16 Europe/Paris] PHP Notice:  Undefined variable: error in /home/thibaultgicquel6201/public_html/index.php on line 72
[21-Feb-2025 21:30:30 Europe/Paris] PHP Fatal error:  Uncaught Twig\Error\LoaderError: Unable to find template "login/n.twig" (looked into: /home/thibaultgicquel6201/public_html/include/../templates). in /home/vendor/twig/twig/src/Loader/FilesystemLoader.php:227
Stack trace:
#0 /home/vendor/twig/twig/src/Loader/FilesystemLoader.php(131): Twig\Loader\FilesystemLoader->findTemplate()
#1 /home/vendor/twig/twig/src/Environment.php(261): Twig\Loader\FilesystemLoader->getCacheKey()
#2 /home/vendor/twig/twig/src/Environment.php(309): Twig\Environment->getTemplateClass()
#3 /home/thibaultgicquel6201/public_html/index.php(78): Twig\Environment->load()
#4 {main}
  thrown in /home/vendor/twig/twig/src/Loader/FilesystemLoader.php on line 227
[21-Feb-2025 21:30:34 Europe/Paris] PHP Fatal error:  Uncaught Twig\Error\LoaderError: Unable to find template "login/n.twig" (looked into: /home/thibaultgicquel6201/public_html/include/../templates). in /home/vendor/twig/twig/src/Loader/FilesystemLoader.php:227
Stack trace:
#0 /home/vendor/twig/twig/src/Loader/FilesystemLoader.php(131): Twig\Loader\FilesystemLoader->findTemplate()
#1 /home/vendor/twig/twig/src/Environment.php(261): Twig\Loader\FilesystemLoader->getCacheKey()
#2 /home/vendor/twig/twig/src/Environment.php(309): Twig\Environment->getTemplateClass()
#3 /home/thibaultgicquel6201/public_html/index.php(78): Twig\Environment->load()
#4 {main}
  thrown in /home/vendor/twig/twig/src/Loader/FilesystemLoader.php on line 227
[21-Feb-2025 22:05:36 Europe/Berlin] PHP Warning:  The use statement with non-compound name 'DateTimeZone' has no effect in /home/thibaultgicquel6201/public_html/index.php on line 11
[21-Feb-2025 22:05:36 Europe/Berlin] PHP Warning:  The use statement with non-compound name 'DateInterval' has no effect in /home/thibaultgicquel6201/public_html/index.php on line 12
[21-Feb-2025 22:09:12 Europe/Paris] PHP Notice:  Undefined index: token in /home/thibaultgicquel6201/public_html/php/get2fa.php on line 15
[21-Feb-2025 22:09:12 Europe/Paris] PHP Fatal error:  Uncaught Error: Call to a member function claims() on null in /home/thibaultgicquel6201/public_html/php/get2fa.php:15
Stack trace:
#0 {main}
  thrown in /home/thibaultgicquel6201/public_html/php/get2fa.php on line 15
[21-Feb-2025 22:15:52 Europe/Paris] PHP Notice:  Undefined index: username in /home/thibaultgicquel6201/public_html/index.php on line 37
[21-Feb-2025 22:15:52 Europe/Paris] PHP Notice:  Undefined index: password in /home/thibaultgicquel6201/public_html/index.php on line 37
[21-Feb-2025 22:15:52 Europe/Berlin] PHP Notice:  Undefined index: username in /home/thibaultgicquel6201/public_html/api/login/index.php on line 9
[21-Feb-2025 22:15:52 Europe/Berlin] PHP Notice:  Undefined index: password in /home/thibaultgicquel6201/public_html/api/login/index.php on line 9
[21-Feb-2025 22:16:40 Europe/Paris] PHP Notice:  Undefined index: username in /home/thibaultgicquel6201/public_html/index.php on line 37
[21-Feb-2025 22:16:40 Europe/Paris] PHP Notice:  Undefined index: password in /home/thibaultgicquel6201/public_html/index.php on line 37
[21-Feb-2025 22:16:40 Europe/Berlin] PHP Notice:  Undefined index: username in /home/thibaultgicquel6201/public_html/api/login/index.php on line 9
[21-Feb-2025 22:16:40 Europe/Berlin] PHP Notice:  Undefined index: password in /home/thibaultgicquel6201/public_html/api/login/index.php on line 9
[21-Feb-2025 22:45:57 Europe/Paris] PHP Warning:  file_get_contents(https://devbox.u-angers.fr/~agodon/api/person/read.php): failed to open stream: HTTP request failed! HTTP/1.1 404 Not Found
 in /home/thibaultgicquel6201/public_html/php/manager.php on line 25
[21-Feb-2025 22:46:03 Europe/Paris] PHP Warning:  file_get_contents(https://devbox.u-angers.fr/~agodon/api/person/read.php): failed to open stream: HTTP request failed! HTTP/1.1 404 Not Found
 in /home/thibaultgicquel6201/public_html/php/manager.php on line 25
[21-Feb-2025 22:46:30 Europe/Paris] PHP Warning:  file_get_contents(https://devbox.u-angers.fr/~agodon/api/person/read.php): failed to open stream: HTTP request failed! HTTP/1.1 404 Not Found
 in /home/thibaultgicquel6201/public_html/php/manager.php on line 25
[21-Feb-2025 22:46:38 Europe/Paris] PHP Warning:  file_get_contents(https://devbox.u-angers.fr/~agodon/api/person/read.php): failed to open stream: HTTP request failed! HTTP/1.1 404 Not Found
 in /home/thibaultgicquel6201/public_html/php/manager.php on line 25
[21-Feb-2025 22:46:51 Europe/Paris] PHP Warning:  file_get_contents(https://devbox.u-angers.fr/~agodon/api/person/read.php): failed to open stream: HTTP request failed! HTTP/1.1 404 Not Found
 in /home/thibaultgicquel6201/public_html/php/manager.php on line 25
[21-Feb-2025 22:48:10 Europe/Paris] PHP Fatal error:  Uncaught Error: Object of class stdClass could not be converted to string in /home/thibaultgicquel6201/public_html/php/manager.php:26
Stack trace:
#0 {main}
  thrown in /home/thibaultgicquel6201/public_html/php/manager.php on line 26
[21-Feb-2025 22:56:16 Europe/Paris] PHP Notice:  Undefined variable: personListJson in /home/thibaultgicquel6201/public_html/include/getAllWines.php on line 9
[21-Feb-2025 22:56:45 Europe/Berlin] PHP Warning:  include_once(../objects/wine.php): failed to open stream: No such file or directory in /home/thibaultgicquel6201/public_html/api/wine/read.php on line 6
[21-Feb-2025 22:56:45 Europe/Berlin] PHP Warning:  include_once(): Failed opening '../objects/wine.php' for inclusion (include_path='.:/usr/share/php') in /home/thibaultgicquel6201/public_html/api/wine/read.php on line 6
[21-Feb-2025 22:56:45 Europe/Berlin] PHP Fatal error:  Uncaught Error: Class 'Wine' not found in /home/thibaultgicquel6201/public_html/api/wine/read.php:10
Stack trace:
#0 {main}
  thrown in /home/thibaultgicquel6201/public_html/api/wine/read.php on line 10
[21-Feb-2025 22:56:45 Europe/Paris] PHP Warning:  file_get_contents(https://devbox.u-angers.fr/~thibaultgicquel6201/api/wine/read.php): failed to open stream: HTTP request failed! HTTP/1.1 500 Internal Server Error
 in /home/thibaultgicquel6201/public_html/include/getAllWines.php on line 8
[21-Feb-2025 22:56:45 Europe/Paris] PHP Notice:  Undefined variable: personListJson in /home/thibaultgicquel6201/public_html/include/getAllWines.php on line 9
[21-Feb-2025 22:57:11 Europe/Paris] PHP Notice:  Undefined variable: personListJson in /home/thibaultgicquel6201/public_html/include/getAllWines.php on line 9
[21-Feb-2025 22:58:36 Europe/Paris] PHP Notice:  Undefined variable: personListJson in /home/thibaultgicquel6201/public_html/include/getAllWines.php on line 9
[21-Feb-2025 22:59:16 Europe/Paris] PHP Notice:  Undefined variable: personListJson in /home/thibaultgicquel6201/public_html/include/getAllWines.php on line 9
[21-Feb-2025 22:59:55 Europe/Paris] PHP Notice:  Undefined variable: personListJson in /home/thibaultgicquel6201/public_html/include/getAllWines.php on line 9
[21-Feb-2025 22:59:55 Europe/Paris] PHP Notice:  Array to string conversion in /home/thibaultgicquel6201/public_html/include/getAllWines.php on line 17
[21-Feb-2025 23:00:23 Europe/Berlin] PHP Notice:  Undefined variable: personListJson in /home/thibaultgicquel6201/public_html/include/getAllWines.php on line 9
[21-Feb-2025 23:00:23 Europe/Berlin] PHP Notice:  Array to string conversion in /home/thibaultgicquel6201/public_html/include/getAllWines.php on line 17
[21-Feb-2025 23:00:43 Europe/Berlin] PHP Notice:  Undefined variable: personListJson in /home/thibaultgicquel6201/public_html/include/getAllWines.php on line 9
[24-Feb-2025 14:19:20 Europe/Paris] PHP Fatal error:  Uncaught Error: Call to undefined function NOW() in /home/thibaultgicquel6201/public_html/include/addMember.php:30
Stack trace:
#0 /home/thibaultgicquel6201/public_html/php/manager.php(19): include()
#1 {main}
  thrown in /home/thibaultgicquel6201/public_html/include/addMember.php on line 30
[24-Feb-2025 14:21:14 Europe/Paris] PHP Warning:  Use of undefined constant st - assumed 'st' (this will throw an Error in a future version of PHP) in /home/thibaultgicquel6201/public_html/include/addMember.php on line 35
[24-Feb-2025 14:53:11 Europe/Paris] PHP Warning:  stream_get_meta_data(): supplied resource is not a valid stream resource in /home/thibaultgicquel6201/public_html/include/addMember.php on line 36
[24-Feb-2025 14:55:16 Europe/Berlin] PHP Notice:  Undefined property: stdClass::$date_creation in /home/thibaultgicquel6201/public_html/api/person/create.php on line 23
[24-Feb-2025 14:55:16 Europe/Paris] PHP Warning:  stream_get_meta_data(): supplied resource is not a valid stream resource in /home/thibaultgicquel6201/public_html/include/addMember.php on line 36
[24-Feb-2025 15:04:35 Europe/Berlin] PHP Notice:  Trying to get property 'nom' of non-object in /home/thibaultgicquel6201/public_html/api/person/create.php on line 17
[24-Feb-2025 15:04:35 Europe/Berlin] PHP Notice:  Trying to get property 'prenom' of non-object in /home/thibaultgicquel6201/public_html/api/person/create.php on line 18
[24-Feb-2025 15:04:35 Europe/Berlin] PHP Notice:  Trying to get property 'email' of non-object in /home/thibaultgicquel6201/public_html/api/person/create.php on line 19
[24-Feb-2025 15:04:35 Europe/Berlin] PHP Notice:  Trying to get property 'status' of non-object in /home/thibaultgicquel6201/public_html/api/person/create.php on line 20
[24-Feb-2025 15:04:35 Europe/Berlin] PHP Notice:  Trying to get property 'login' of non-object in /home/thibaultgicquel6201/public_html/api/person/create.php on line 21
[24-Feb-2025 15:04:35 Europe/Berlin] PHP Notice:  Trying to get property 'password' of non-object in /home/thibaultgicquel6201/public_html/api/person/create.php on line 22
[24-Feb-2025 15:04:35 Europe/Berlin] PHP Notice:  Trying to get property 'date_creation' of non-object in /home/thibaultgicquel6201/public_html/api/person/create.php on line 23
[24-Feb-2025 15:04:35 Europe/Berlin] PHP Notice:  Trying to get property 'telephone' of non-object in /home/thibaultgicquel6201/public_html/api/person/create.php on line 24
[24-Feb-2025 15:07:09 Europe/Berlin] PHP Notice:  Undefined property: stdClass::$date_creation in /home/thibaultgicquel6201/public_html/api/person/create.php on line 23
[24-Feb-2025 15:08:19 Europe/Berlin] PHP Notice:  Undefined property: stdClass::$date_creation in /home/thibaultgicquel6201/public_html/api/person/create.php on line 23
[24-Feb-2025 15:10:04 Europe/Berlin] PHP Notice:  Undefined property: stdClass::$date_creation in /home/thibaultgicquel6201/public_html/api/person/create.php on line 23
[02-Mar-2025 20:43:30 Europe/Paris] PHP Notice:  Undefined index: user in /home/thibaultgicquel6201/public_html/php/get2fa.php on line 15
[02-Mar-2025 20:43:30 Europe/Paris] PHP Notice:  Trying to access array offset on value of type null in /home/thibaultgicquel6201/public_html/php/get2fa.php on line 15
[02-Mar-2025 20:43:30 Europe/Paris] PHP Fatal error:  Uncaught Error: Call to a member function claims() on null in /home/thibaultgicquel6201/public_html/php/get2fa.php:15
Stack trace:
#0 {main}
  thrown in /home/thibaultgicquel6201/public_html/php/get2fa.php on line 15
[04-Mar-2025 15:38:27 Europe/Berlin] PHP Notice:  Undefined property: stdClass::$add_date in /home/thibaultgicquel6201/public_html/api/wine/modif.php on line 36
[04-Mar-2025 15:38:27 Europe/Berlin] PHP Notice:  Undefined variable: query in /home/thibaultgicquel6201/public_html/api/objects/wines.php on line 118
[04-Mar-2025 15:43:24 Europe/Berlin] PHP Notice:  Undefined property: stdClass::$add_date in /home/thibaultgicquel6201/public_html/api/wine/modif.php on line 36
[04-Mar-2025 15:43:24 Europe/Berlin] PHP Notice:  Undefined variable: query in /home/thibaultgicquel6201/public_html/api/objects/wines.php on line 118
[04-Mar-2025 15:44:23 Europe/Berlin] PHP Notice:  Undefined property: stdClass::$add_date in /home/thibaultgicquel6201/public_html/api/wine/modif.php on line 36
[04-Mar-2025 15:44:23 Europe/Berlin] PHP Notice:  Undefined variable: query in /home/thibaultgicquel6201/public_html/api/objects/wines.php on line 118
[04-Mar-2025 15:44:47 Europe/Berlin] PHP Notice:  Undefined property: stdClass::$add_date in /home/thibaultgicquel6201/public_html/api/wine/modif.php on line 36
[04-Mar-2025 15:44:47 Europe/Berlin] PHP Notice:  Undefined variable: query in /home/thibaultgicquel6201/public_html/api/objects/wines.php on line 118
[04-Mar-2025 15:46:51 Europe/Berlin] PHP Notice:  Undefined property: stdClass::$add_date in /home/thibaultgicquel6201/public_html/api/wine/modif.php on line 36
[04-Mar-2025 15:46:51 Europe/Berlin] PHP Warning:  PDOStatement::execute(): SQLSTATE[HY093]: Invalid parameter number: number of bound variables does not match number of tokens in /home/thibaultgicquel6201/public_html/api/objects/wines.php on line 158
[04-Mar-2025 15:48:27 Europe/Berlin] PHP Notice:  Undefined property: stdClass::$add_date in /home/thibaultgicquel6201/public_html/api/wine/modif.php on line 36
[04-Mar-2025 15:48:42 Europe/Berlin] PHP Notice:  Undefined property: stdClass::$add_date in /home/thibaultgicquel6201/public_html/api/wine/modif.php on line 36
[04-Mar-2025 15:48:52 Europe/Berlin] PHP Notice:  Undefined property: stdClass::$add_date in /home/thibaultgicquel6201/public_html/api/wine/modif.php on line 36
[04-Mar-2025 15:49:21 Europe/Berlin] PHP Notice:  Undefined property: stdClass::$add_date in /home/thibaultgicquel6201/public_html/api/wine/modif.php on line 36
[04-Mar-2025 16:03:04 Europe/Berlin] PHP Notice:  Undefined property: stdClass::$add_date in /home/thibaultgicquel6201/public_html/api/wine/modif.php on line 36
[04-Mar-2025 16:03:33 Europe/Berlin] PHP Notice:  Undefined property: stdClass::$add_date in /home/thibaultgicquel6201/public_html/api/wine/modif.php on line 36
[04-Mar-2025 16:04:08 Europe/Berlin] PHP Notice:  Undefined property: stdClass::$add_date in /home/thibaultgicquel6201/public_html/api/wine/modif.php on line 36
[04-Mar-2025 16:13:01 Europe/Berlin] PHP Notice:  Undefined variable: domaine_name in /home/thibaultgicquel6201/public_html/api/wine/modif.php on line 17
[04-Mar-2025 16:13:01 Europe/Berlin] PHP Notice:  Undefined property: stdClass::$ in /home/thibaultgicquel6201/public_html/api/wine/modif.php on line 17
[04-Mar-2025 16:13:01 Europe/Berlin] PHP Notice:  Undefined variable: appellation in /home/thibaultgicquel6201/public_html/api/wine/modif.php on line 18
[04-Mar-2025 16:13:01 Europe/Berlin] PHP Notice:  Undefined property: stdClass::$ in /home/thibaultgicquel6201/public_html/api/wine/modif.php on line 18
[04-Mar-2025 16:13:01 Europe/Berlin] PHP Notice:  Undefined variable: region in /home/thibaultgicquel6201/public_html/api/wine/modif.php on line 19
[04-Mar-2025 16:13:01 Europe/Berlin] PHP Notice:  Undefined property: stdClass::$ in /home/thibaultgicquel6201/public_html/api/wine/modif.php on line 19
[04-Mar-2025 16:13:01 Europe/Berlin] PHP Notice:  Undefined variable: country_of_origin in /home/thibaultgicquel6201/public_html/api/wine/modif.php on line 20
[04-Mar-2025 16:13:01 Europe/Berlin] PHP Notice:  Undefined property: stdClass::$ in /home/thibaultgicquel6201/public_html/api/wine/modif.php on line 20
[04-Mar-2025 16:13:01 Europe/Berlin] PHP Notice:  Undefined variable: grape_varieties in /home/thibaultgicquel6201/public_html/api/wine/modif.php on line 21
[04-Mar-2025 16:13:01 Europe/Berlin] PHP Notice:  Undefined property: stdClass::$ in /home/thibaultgicquel6201/public_html/api/wine/modif.php on line 21
[04-Mar-2025 16:13:01 Europe/Berlin] PHP Notice:  Undefined variable: wine_type in /home/thibaultgicquel6201/public_html/api/wine/modif.php on line 22
[04-Mar-2025 16:13:01 Europe/Berlin] PHP Notice:  Undefined property: stdClass::$ in /home/thibaultgicquel6201/public_html/api/wine/modif.php on line 22
[04-Mar-2025 16:13:01 Europe/Berlin] PHP Notice:  Undefined variable: vintage in /home/thibaultgicquel6201/public_html/api/wine/modif.php on line 23
[04-Mar-2025 16:13:01 Europe/Berlin] PHP Notice:  Undefined property: stdClass::$ in /home/thibaultgicquel6201/public_html/api/wine/modif.php on line 23
[04-Mar-2025 16:13:01 Europe/Berlin] PHP Notice:  Undefined variable: alcohol_content in /home/thibaultgicquel6201/public_html/api/wine/modif.php on line 24
[04-Mar-2025 16:13:01 Europe/Berlin] PHP Notice:  Undefined property: stdClass::$ in /home/thibaultgicquel6201/public_html/api/wine/modif.php on line 24
[04-Mar-2025 16:13:01 Europe/Berlin] PHP Notice:  Undefined variable: classification in /home/thibaultgicquel6201/public_html/api/wine/modif.php on line 25
[04-Mar-2025 16:13:01 Europe/Berlin] PHP Notice:  Undefined property: stdClass::$ in /home/thibaultgicquel6201/public_html/api/wine/modif.php on line 25
[04-Mar-2025 16:13:01 Europe/Berlin] PHP Notice:  Undefined variable: certifications in /home/thibaultgicquel6201/public_html/api/wine/modif.php on line 26
[04-Mar-2025 16:13:01 Europe/Berlin] PHP Notice:  Undefined property: stdClass::$ in /home/thibaultgicquel6201/public_html/api/wine/modif.php on line 26
[04-Mar-2025 16:13:01 Europe/Berlin] PHP Notice:  Undefined variable: bottle_size in /home/thibaultgicquel6201/public_html/api/wine/modif.php on line 27
[04-Mar-2025 16:13:01 Europe/Berlin] PHP Notice:  Undefined property: stdClass::$ in /home/thibaultgicquel6201/public_html/api/wine/modif.php on line 27
[04-Mar-2025 16:13:01 Europe/Berlin] PHP Notice:  Undefined variable: cork_type in /home/thibaultgicquel6201/public_html/api/wine/modif.php on line 28
[04-Mar-2025 16:13:01 Europe/Berlin] PHP Notice:  Undefined property: stdClass::$ in /home/thibaultgicquel6201/public_html/api/wine/modif.php on line 28
[04-Mar-2025 16:13:01 Europe/Berlin] PHP Notice:  Undefined variable: serving_temperature in /home/thibaultgicquel6201/public_html/api/wine/modif.php on line 29
[04-Mar-2025 16:13:01 Europe/Berlin] PHP Notice:  Undefined property: stdClass::$ in /home/thibaultgicquel6201/public_html/api/wine/modif.php on line 29
[04-Mar-2025 16:13:01 Europe/Berlin] PHP Notice:  Undefined variable: aging_potential in /home/thibaultgicquel6201/public_html/api/wine/modif.php on line 30
[04-Mar-2025 16:13:01 Europe/Berlin] PHP Notice:  Undefined property: stdClass::$ in /home/thibaultgicquel6201/public_html/api/wine/modif.php on line 30
[04-Mar-2025 16:13:01 Europe/Berlin] PHP Notice:  Undefined variable: path_img in /home/thibaultgicquel6201/public_html/api/wine/modif.php on line 31
[04-Mar-2025 16:13:01 Europe/Berlin] PHP Notice:  Undefined property: stdClass::$ in /home/thibaultgicquel6201/public_html/api/wine/modif.php on line 31
[04-Mar-2025 16:13:01 Europe/Berlin] PHP Notice:  Undefined variable: stock_limit in /home/thibaultgicquel6201/public_html/api/wine/modif.php on line 32
[04-Mar-2025 16:13:01 Europe/Berlin] PHP Notice:  Undefined property: stdClass::$ in /home/thibaultgicquel6201/public_html/api/wine/modif.php on line 32
[04-Mar-2025 16:13:01 Europe/Berlin] PHP Notice:  Undefined variable: id in /home/thibaultgicquel6201/public_html/api/wine/modif.php on line 33
[04-Mar-2025 16:13:01 Europe/Berlin] PHP Notice:  Undefined property: stdClass::$ in /home/thibaultgicquel6201/public_html/api/wine/modif.php on line 33
[18-Mar-2025 17:44:39 Europe/Berlin] PHP Notice:  Undefined index: path_img in /home/thibaultgicquel6201/public_html/include/addWine.php on line 19
[18-Mar-2025 17:44:39 Europe/Berlin] PHP Notice:  Undefined index: add_date in /home/thibaultgicquel6201/public_html/include/addWine.php on line 20
[18-Mar-2025 17:44:39 Europe/Berlin] PHP Notice:  Undefined variable: domaine_name in /home/thibaultgicquel6201/public_html/api/wine/create.php on line 17
[18-Mar-2025 17:44:39 Europe/Berlin] PHP Notice:  Undefined property: stdClass::$ in /home/thibaultgicquel6201/public_html/api/wine/create.php on line 17
[18-Mar-2025 17:44:39 Europe/Berlin] PHP Notice:  Undefined variable: appellation in /home/thibaultgicquel6201/public_html/api/wine/create.php on line 18
[18-Mar-2025 17:44:39 Europe/Berlin] PHP Notice:  Undefined property: stdClass::$ in /home/thibaultgicquel6201/public_html/api/wine/create.php on line 18
[18-Mar-2025 17:44:39 Europe/Berlin] PHP Notice:  Undefined variable: region in /home/thibaultgicquel6201/public_html/api/wine/create.php on line 19
[18-Mar-2025 17:44:39 Europe/Berlin] PHP Notice:  Undefined property: stdClass::$ in /home/thibaultgicquel6201/public_html/api/wine/create.php on line 19
[18-Mar-2025 17:44:39 Europe/Berlin] PHP Notice:  Undefined variable: country_of_origin in /home/thibaultgicquel6201/public_html/api/wine/create.php on line 20
[18-Mar-2025 17:44:39 Europe/Berlin] PHP Notice:  Undefined property: stdClass::$ in /home/thibaultgicquel6201/public_html/api/wine/create.php on line 20
[18-Mar-2025 17:44:39 Europe/Berlin] PHP Notice:  Undefined variable: grape_varieties in /home/thibaultgicquel6201/public_html/api/wine/create.php on line 21
[18-Mar-2025 17:44:39 Europe/Berlin] PHP Notice:  Undefined property: stdClass::$ in /home/thibaultgicquel6201/public_html/api/wine/create.php on line 21
[18-Mar-2025 17:44:39 Europe/Berlin] PHP Notice:  Undefined variable: wine_type in /home/thibaultgicquel6201/public_html/api/wine/create.php on line 22
[18-Mar-2025 17:44:39 Europe/Berlin] PHP Notice:  Undefined property: stdClass::$ in /home/thibaultgicquel6201/public_html/api/wine/create.php on line 22
[18-Mar-2025 17:44:39 Europe/Berlin] PHP Notice:  Undefined variable: vintage in /home/thibaultgicquel6201/public_html/api/wine/create.php on line 23
[18-Mar-2025 17:44:39 Europe/Berlin] PHP Notice:  Undefined property: stdClass::$ in /home/thibaultgicquel6201/public_html/api/wine/create.php on line 23
[18-Mar-2025 17:44:39 Europe/Berlin] PHP Notice:  Undefined variable: alcohol_content in /home/thibaultgicquel6201/public_html/api/wine/create.php on line 24
[18-Mar-2025 17:44:39 Europe/Berlin] PHP Notice:  Undefined property: stdClass::$ in /home/thibaultgicquel6201/public_html/api/wine/create.php on line 24
[18-Mar-2025 17:44:39 Europe/Berlin] PHP Notice:  Undefined variable: classification in /home/thibaultgicquel6201/public_html/api/wine/create.php on line 25
[18-Mar-2025 17:44:39 Europe/Berlin] PHP Notice:  Undefined property: stdClass::$ in /home/thibaultgicquel6201/public_html/api/wine/create.php on line 25
[18-Mar-2025 17:44:39 Europe/Berlin] PHP Notice:  Undefined variable: certifications in /home/thibaultgicquel6201/public_html/api/wine/create.php on line 26
[18-Mar-2025 17:44:39 Europe/Berlin] PHP Notice:  Undefined property: stdClass::$ in /home/thibaultgicquel6201/public_html/api/wine/create.php on line 26
[18-Mar-2025 17:44:39 Europe/Berlin] PHP Notice:  Undefined variable: bottle_size in /home/thibaultgicquel6201/public_html/api/wine/create.php on line 27
[18-Mar-2025 17:44:39 Europe/Berlin] PHP Notice:  Undefined property: stdClass::$ in /home/thibaultgicquel6201/public_html/api/wine/create.php on line 27
[18-Mar-2025 17:44:39 Europe/Berlin] PHP Notice:  Undefined variable: cork_type in /home/thibaultgicquel6201/public_html/api/wine/create.php on line 28
[18-Mar-2025 17:44:39 Europe/Berlin] PHP Notice:  Undefined property: stdClass::$ in /home/thibaultgicquel6201/public_html/api/wine/create.php on line 28
[18-Mar-2025 17:44:39 Europe/Berlin] PHP Notice:  Undefined variable: serving_temperature in /home/thibaultgicquel6201/public_html/api/wine/create.php on line 29
[18-Mar-2025 17:44:39 Europe/Berlin] PHP Notice:  Undefined property: stdClass::$ in /home/thibaultgicquel6201/public_html/api/wine/create.php on line 29
[18-Mar-2025 17:44:39 Europe/Berlin] PHP Notice:  Undefined variable: aging_potential in /home/thibaultgicquel6201/public_html/api/wine/create.php on line 30
[18-Mar-2025 17:44:39 Europe/Berlin] PHP Notice:  Undefined property: stdClass::$ in /home/thibaultgicquel6201/public_html/api/wine/create.php on line 30
[18-Mar-2025 17:44:39 Europe/Berlin] PHP Notice:  Undefined variable: path_img in /home/thibaultgicquel6201/public_html/api/wine/create.php on line 31
[18-Mar-2025 17:44:39 Europe/Berlin] PHP Notice:  Undefined property: stdClass::$ in /home/thibaultgicquel6201/public_html/api/wine/create.php on line 31
[18-Mar-2025 17:44:39 Europe/Berlin] PHP Notice:  Undefined variable: add_date in /home/thibaultgicquel6201/public_html/api/wine/create.php on line 32
[18-Mar-2025 17:44:39 Europe/Berlin] PHP Notice:  Undefined property: stdClass::$ in /home/thibaultgicquel6201/public_html/api/wine/create.php on line 32
[18-Mar-2025 17:44:39 Europe/Berlin] PHP Notice:  Undefined variable: stock_limit in /home/thibaultgicquel6201/public_html/api/wine/create.php on line 33
[18-Mar-2025 17:44:39 Europe/Berlin] PHP Notice:  Undefined property: stdClass::$ in /home/thibaultgicquel6201/public_html/api/wine/create.php on line 33
[18-Mar-2025 17:44:43 Europe/Berlin] PHP Notice:  Undefined index: path_img in /home/thibaultgicquel6201/public_html/include/addWine.php on line 19
[18-Mar-2025 17:44:43 Europe/Berlin] PHP Notice:  Undefined index: add_date in /home/thibaultgicquel6201/public_html/include/addWine.php on line 20
[18-Mar-2025 17:44:43 Europe/Berlin] PHP Notice:  Undefined variable: domaine_name in /home/thibaultgicquel6201/public_html/api/wine/create.php on line 17
[18-Mar-2025 17:44:43 Europe/Berlin] PHP Notice:  Undefined property: stdClass::$ in /home/thibaultgicquel6201/public_html/api/wine/create.php on line 17
[18-Mar-2025 17:44:43 Europe/Berlin] PHP Notice:  Undefined variable: appellation in /home/thibaultgicquel6201/public_html/api/wine/create.php on line 18
[18-Mar-2025 17:44:43 Europe/Berlin] PHP Notice:  Undefined property: stdClass::$ in /home/thibaultgicquel6201/public_html/api/wine/create.php on line 18
[18-Mar-2025 17:44:43 Europe/Berlin] PHP Notice:  Undefined variable: region in /home/thibaultgicquel6201/public_html/api/wine/create.php on line 19
[18-Mar-2025 17:44:43 Europe/Berlin] PHP Notice:  Undefined property: stdClass::$ in /home/thibaultgicquel6201/public_html/api/wine/create.php on line 19
[18-Mar-2025 17:44:43 Europe/Berlin] PHP Notice:  Undefined variable: country_of_origin in /home/thibaultgicquel6201/public_html/api/wine/create.php on line 20
[18-Mar-2025 17:44:43 Europe/Berlin] PHP Notice:  Undefined property: stdClass::$ in /home/thibaultgicquel6201/public_html/api/wine/create.php on line 20
[18-Mar-2025 17:44:43 Europe/Berlin] PHP Notice:  Undefined variable: grape_varieties in /home/thibaultgicquel6201/public_html/api/wine/create.php on line 21
[18-Mar-2025 17:44:43 Europe/Berlin] PHP Notice:  Undefined property: stdClass::$ in /home/thibaultgicquel6201/public_html/api/wine/create.php on line 21
[18-Mar-2025 17:44:43 Europe/Berlin] PHP Notice:  Undefined variable: wine_type in /home/thibaultgicquel6201/public_html/api/wine/create.php on line 22
[18-Mar-2025 17:44:43 Europe/Berlin] PHP Notice:  Undefined property: stdClass::$ in /home/thibaultgicquel6201/public_html/api/wine/create.php on line 22
[18-Mar-2025 17:44:43 Europe/Berlin] PHP Notice:  Undefined variable: vintage in /home/thibaultgicquel6201/public_html/api/wine/create.php on line 23
[18-Mar-2025 17:44:43 Europe/Berlin] PHP Notice:  Undefined property: stdClass::$ in /home/thibaultgicquel6201/public_html/api/wine/create.php on line 23
[18-Mar-2025 17:44:43 Europe/Berlin] PHP Notice:  Undefined variable: alcohol_content in /home/thibaultgicquel6201/public_html/api/wine/create.php on line 24
[18-Mar-2025 17:44:43 Europe/Berlin] PHP Notice:  Undefined property: stdClass::$ in /home/thibaultgicquel6201/public_html/api/wine/create.php on line 24
[18-Mar-2025 17:44:43 Europe/Berlin] PHP Notice:  Undefined variable: classification in /home/thibaultgicquel6201/public_html/api/wine/create.php on line 25
[18-Mar-2025 17:44:43 Europe/Berlin] PHP Notice:  Undefined property: stdClass::$ in /home/thibaultgicquel6201/public_html/api/wine/create.php on line 25
[18-Mar-2025 17:44:43 Europe/Berlin] PHP Notice:  Undefined variable: certifications in /home/thibaultgicquel6201/public_html/api/wine/create.php on line 26
[18-Mar-2025 17:44:43 Europe/Berlin] PHP Notice:  Undefined property: stdClass::$ in /home/thibaultgicquel6201/public_html/api/wine/create.php on line 26
[18-Mar-2025 17:44:43 Europe/Berlin] PHP Notice:  Undefined variable: bottle_size in /home/thibaultgicquel6201/public_html/api/wine/create.php on line 27
[18-Mar-2025 17:44:43 Europe/Berlin] PHP Notice:  Undefined property: stdClass::$ in /home/thibaultgicquel6201/public_html/api/wine/create.php on line 27
[18-Mar-2025 17:44:43 Europe/Berlin] PHP Notice:  Undefined variable: cork_type in /home/thibaultgicquel6201/public_html/api/wine/create.php on line 28
[18-Mar-2025 17:44:43 Europe/Berlin] PHP Notice:  Undefined property: stdClass::$ in /home/thibaultgicquel6201/public_html/api/wine/create.php on line 28
[18-Mar-2025 17:44:43 Europe/Berlin] PHP Notice:  Undefined variable: serving_temperature in /home/thibaultgicquel6201/public_html/api/wine/create.php on line 29
[18-Mar-2025 17:44:43 Europe/Berlin] PHP Notice:  Undefined property: stdClass::$ in /home/thibaultgicquel6201/public_html/api/wine/create.php on line 29
[18-Mar-2025 17:44:43 Europe/Berlin] PHP Notice:  Undefined variable: aging_potential in /home/thibaultgicquel6201/public_html/api/wine/create.php on line 30
[18-Mar-2025 17:44:43 Europe/Berlin] PHP Notice:  Undefined property: stdClass::$ in /home/thibaultgicquel6201/public_html/api/wine/create.php on line 30
[18-Mar-2025 17:44:43 Europe/Berlin] PHP Notice:  Undefined variable: path_img in /home/thibaultgicquel6201/public_html/api/wine/create.php on line 31
[18-Mar-2025 17:44:43 Europe/Berlin] PHP Notice:  Undefined property: stdClass::$ in /home/thibaultgicquel6201/public_html/api/wine/create.php on line 31
[18-Mar-2025 17:44:43 Europe/Berlin] PHP Notice:  Undefined variable: add_date in /home/thibaultgicquel6201/public_html/api/wine/create.php on line 32
[18-Mar-2025 17:44:43 Europe/Berlin] PHP Notice:  Undefined property: stdClass::$ in /home/thibaultgicquel6201/public_html/api/wine/create.php on line 32
[18-Mar-2025 17:44:43 Europe/Berlin] PHP Notice:  Undefined variable: stock_limit in /home/thibaultgicquel6201/public_html/api/wine/create.php on line 33
[18-Mar-2025 17:44:43 Europe/Berlin] PHP Notice:  Undefined property: stdClass::$ in /home/thibaultgicquel6201/public_html/api/wine/create.php on line 33
